Using StandardEncoding for cid2unicode as Encoding has no meaningful glyphs: {90: 'integraldisplay', 82: 'integraltext', 16: 'parenleftBig', 0: 'parenleftbig', 18: 'parenleftbigg', 17: 'parenrightBig', 1: 'parenrightbig', 19: 'parenrightbigg', 88: 'summationdisplay', 80: 'summationtext', 91: 'uniondisplay', 83: 'uniontext', 12: 'vextendsingle'}
Using StandardEncoding for cid2unicode as Encoding has no meaningful glyphs: {67: 'H11923', 78: 'H11934', 82: 'H11938', 90: 'H11946'}
Using StandardEncoding for cid2unicode as Encoding has no meaningful glyphs: {3: 'square'}
Using StandardEncoding for cid2unicode as Encoding has no meaningful glyphs: {36: 'H5104', 43: 'H5112', 68: 'H5104', 76: 'H5112'}
Using StandardEncoding for cid2unicode as Encoding has no meaningful glyphs: {40: 'subsetnoteql'}
Exception in thread Thread-7 (_readerthread):
Traceback (most recent call last):
  File "C:\Users\jared\AppData\Local\Programs\Python\Python313\Lib\threading.py", line 1041, in _bootstrap_inner
    self.run()
    ~~~~~~~~^^
  File "C:\Users\jared\AppData\Local\Programs\Python\Python313\Lib\threading.py", line 992, in run
    self._target(*self._args, **self._kwargs)
    ~~~~~~~~~~~~^^^^^^^^^^^^^^^^^^^^^^^^^^^^^
  File "C:\Users\jared\AppData\Local\Programs\Python\Python313\Lib\subprocess.py", line 1611, in _readerthread
    buffer.append(fh.read())
                  ~~~~~~~^^
  File "C:\Users\jared\AppData\Local\Programs\Python\Python313\Lib\encodings\cp1252.py", line 23, in decode
    return codecs.charmap_decode(input,self.errors,decoding_table)[0]
           ~~~~~~~~~~~~~~~~~~~~~^^^^^^^^^^^^^^^^^^^^^^^^^^^^^^^^^^
UnicodeDecodeError: 'charmap' codec can't decode byte 0x9d in position 6287: character maps to <undefined>
Exception in thread Thread-11 (_readerthread):
Traceback (most recent call last):
  File "C:\Users\jared\AppData\Local\Programs\Python\Python313\Lib\threading.py", line 1041, in _bootstrap_inner
    self.run()
    ~~~~~~~~^^
  File "C:\Users\jared\AppData\Local\Programs\Python\Python313\Lib\threading.py", line 992, in run
    self._target(*self._args, **self._kwargs)
    ~~~~~~~~~~~~^^^^^^^^^^^^^^^^^^^^^^^^^^^^^
  File "C:\Users\jared\AppData\Local\Programs\Python\Python313\Lib\subprocess.py", line 1611, in _readerthread
    buffer.append(fh.read())
                  ~~~~~~~^^
  File "C:\Users\jared\AppData\Local\Programs\Python\Python313\Lib\encodings\cp1252.py", line 23, in decode
    return codecs.charmap_decode(input,self.errors,decoding_table)[0]
           ~~~~~~~~~~~~~~~~~~~~~^^^^^^^^^^^^^^^^^^^^^^^^^^^^^^^^^^
UnicodeDecodeError: 'charmap' codec can't decode byte 0x9d in position 10265: character maps to <undefined>
Exception in thread Thread-15 (_readerthread):
Traceback (most recent call last):
  File "C:\Users\jared\AppData\Local\Programs\Python\Python313\Lib\threading.py", line 1041, in _bootstrap_inner
    self.run()
    ~~~~~~~~^^
  File "C:\Users\jared\AppData\Local\Programs\Python\Python313\Lib\threading.py", line 992, in run
    self._target(*self._args, **self._kwargs)
    ~~~~~~~~~~~~^^^^^^^^^^^^^^^^^^^^^^^^^^^^^
  File "C:\Users\jared\AppData\Local\Programs\Python\Python313\Lib\subprocess.py", line 1611, in _readerthread
    buffer.append(fh.read())
                  ~~~~~~~^^
  File "C:\Users\jared\AppData\Local\Programs\Python\Python313\Lib\encodings\cp1252.py", line 23, in decode
    return codecs.charmap_decode(input,self.errors,decoding_table)[0]
           ~~~~~~~~~~~~~~~~~~~~~^^^^^^^^^^^^^^^^^^^^^^^^^^^^^^^^^^
UnicodeDecodeError: 'charmap' codec can't decode byte 0x9d in position 13296: character maps to <undefined>
Exception in thread Thread-19 (_readerthread):
Traceback (most recent call last):
  File "C:\Users\jared\AppData\Local\Programs\Python\Python313\Lib\threading.py", line 1041, in _bootstrap_inner
    self.run()
    ~~~~~~~~^^
  File "C:\Users\jared\AppData\Local\Programs\Python\Python313\Lib\threading.py", line 992, in run
    self._target(*self._args, **self._kwargs)
    ~~~~~~~~~~~~^^^^^^^^^^^^^^^^^^^^^^^^^^^^^
  File "C:\Users\jared\AppData\Local\Programs\Python\Python313\Lib\subprocess.py", line 1611, in _readerthread
    buffer.append(fh.read())
                  ~~~~~~~^^
  File "C:\Users\jared\AppData\Local\Programs\Python\Python313\Lib\encodings\cp1252.py", line 23, in decode
    return codecs.charmap_decode(input,self.errors,decoding_table)[0]
           ~~~~~~~~~~~~~~~~~~~~~^^^^^^^^^^^^^^^^^^^^^^^^^^^^^^^^^^
UnicodeDecodeError: 'charmap' codec can't decode byte 0x9d in position 3977: character maps to <undefined>
Exception in thread Thread-23 (_readerthread):
Traceback (most recent call last):
  File "C:\Users\jared\AppData\Local\Programs\Python\Python313\Lib\threading.py", line 1041, in _bootstrap_inner
    self.run()
    ~~~~~~~~^^
  File "C:\Users\jared\AppData\Local\Programs\Python\Python313\Lib\threading.py", line 992, in run
    self._target(*self._args, **self._kwargs)
    ~~~~~~~~~~~~^^^^^^^^^^^^^^^^^^^^^^^^^^^^^
  File "C:\Users\jared\AppData\Local\Programs\Python\Python313\Lib\subprocess.py", line 1611, in _readerthread
    buffer.append(fh.read())
                  ~~~~~~~^^
  File "C:\Users\jared\AppData\Local\Programs\Python\Python313\Lib\encodings\cp1252.py", line 23, in decode
    return codecs.charmap_decode(input,self.errors,decoding_table)[0]
           ~~~~~~~~~~~~~~~~~~~~~^^^^^^^^^^^^^^^^^^^^^^^^^^^^^^^^^^
UnicodeDecodeError: 'charmap' codec can't decode byte 0x9d in position 14537: character maps to <undefined>
Exception in thread Thread-31 (_readerthread):
Traceback (most recent call last):
  File "C:\Users\jared\AppData\Local\Programs\Python\Python313\Lib\threading.py", line 1041, in _bootstrap_inner
    self.run()
    ~~~~~~~~^^
  File "C:\Users\jared\AppData\Local\Programs\Python\Python313\Lib\threading.py", line 992, in run
    self._target(*self._args, **self._kwargs)
    ~~~~~~~~~~~~^^^^^^^^^^^^^^^^^^^^^^^^^^^^^
  File "C:\Users\jared\AppData\Local\Programs\Python\Python313\Lib\subprocess.py", line 1611, in _readerthread
    buffer.append(fh.read())
                  ~~~~~~~^^
  File "C:\Users\jared\AppData\Local\Programs\Python\Python313\Lib\encodings\cp1252.py", line 23, in decode
    return codecs.charmap_decode(input,self.errors,decoding_table)[0]
           ~~~~~~~~~~~~~~~~~~~~~^^^^^^^^^^^^^^^^^^^^^^^^^^^^^^^^^^
UnicodeDecodeError: 'charmap' codec can't decode byte 0x9d in position 15731: character maps to <undefined>
Exception in thread Thread-35 (_readerthread):
Traceback (most recent call last):
  File "C:\Users\jared\AppData\Local\Programs\Python\Python313\Lib\threading.py", line 1041, in _bootstrap_inner
    self.run()
    ~~~~~~~~^^
  File "C:\Users\jared\AppData\Local\Programs\Python\Python313\Lib\threading.py", line 992, in run
    self._target(*self._args, **self._kwargs)
    ~~~~~~~~~~~~^^^^^^^^^^^^^^^^^^^^^^^^^^^^^
  File "C:\Users\jared\AppData\Local\Programs\Python\Python313\Lib\subprocess.py", line 1611, in _readerthread
    buffer.append(fh.read())
                  ~~~~~~~^^
  File "C:\Users\jared\AppData\Local\Programs\Python\Python313\Lib\encodings\cp1252.py", line 23, in decode
    return codecs.charmap_decode(input,self.errors,decoding_table)[0]
           ~~~~~~~~~~~~~~~~~~~~~^^^^^^^^^^^^^^^^^^^^^^^^^^^^^^^^^^
UnicodeDecodeError: 'charmap' codec can't decode byte 0x9d in position 6969: character maps to <undefined>
Exception in thread Thread-43 (_readerthread):
Traceback (most recent call last):
  File "C:\Users\jared\AppData\Local\Programs\Python\Python313\Lib\threading.py", line 1041, in _bootstrap_inner
    self.run()
    ~~~~~~~~^^
  File "C:\Users\jared\AppData\Local\Programs\Python\Python313\Lib\threading.py", line 992, in run
    self._target(*self._args, **self._kwargs)
    ~~~~~~~~~~~~^^^^^^^^^^^^^^^^^^^^^^^^^^^^^
  File "C:\Users\jared\AppData\Local\Programs\Python\Python313\Lib\subprocess.py", line 1611, in _readerthread
    buffer.append(fh.read())
                  ~~~~~~~^^
  File "C:\Users\jared\AppData\Local\Programs\Python\Python313\Lib\encodings\cp1252.py", line 23, in decode
    return codecs.charmap_decode(input,self.errors,decoding_table)[0]
           ~~~~~~~~~~~~~~~~~~~~~^^^^^^^^^^^^^^^^^^^^^^^^^^^^^^^^^^
UnicodeDecodeError: 'charmap' codec can't decode byte 0x9d in position 11289: character maps to <undefined>
{
  "acquired": 51,
  "corpus_source": "auto_acquired_litacq_patents",
  "out": "oracle/evidence/twin-primes/corpus-levels.json",
  "paper_count": 30,
  "patent_count": 21
}
